
> rest-express@1.0.0 build
> vite build && esbuild server/index.ts --platform=node --packages=external --bundle --format=esm --outdir=dist

vite v5.4.19 building for production...
transforming...
Browserslist: browsers data (caniuse-lite) is 10 months old. Please run:
  npx update-browserslist-db@latest
  Why you should do it regularly: https://github.com/browserslist/update-db#readme
✓ 2194 modules transformed.
rendering chunks...
computing gzip size...
../dist/public/index.html                              0.76 kB │ gzip:   0.46 kB
../dist/public/assets/JIGZ LOGO-01 (1)-Db_08Ul6.jpg  197.19 kB
../dist/public/assets/index-C2C5XlpR.css              87.67 kB │ gzip:  14.71 kB
../dist/public/assets/index-DNVYYptE.js              884.02 kB │ gzip: 247.77 kB

(!) Some chunks are larger than 500 kB after minification. Consider:
- Using dynamic import() to code-split the application
- Use build.rollupOptions.output.manualChunks to improve chunking: https://rollupjs.org/configuration-options/#output-manualchunks
- Adjust chunk size limit for this warning via build.chunkSizeWarningLimit.
✓ built in 11.71s

  dist/index.js  4.8mb ⚠️

⚡ Done in 143ms
